22:58:10 **** Incremental Build of configuration Debug for project serial_echo ****
make all 
Building file: ../Sources/os_tasks.c
Invoking: Cross ARM C Compiler
arm-none-eabi-gcc -mcpu=cortex-m4 -mthumb -mfloat-abi=hard -mfpu=fpv4-sp-d16 -O0 -fmessage-length=0 -fsigned-char -ffunction-sections -fdata-sections -Wall  -g3 -D"CPU_MK64FN1M0VLL12" -D"FSL_RTOS_MQX" -D"PEX_MQX_KSDK" -I"C:/Users/asinha/Documents/workspace/serial_echo/SDK/platform/hal/inc" -I"C:/Users/asinha/Documents/workspace/serial_echo/SDK/platform/hal/src/sim/MK64F12" -I"C:/Users/asinha/Documents/workspace/serial_echo/SDK/platform/system/src/clock/MK64F12" -I"C:/Users/asinha/Documents/workspace/serial_echo/SDK/platform/system/inc" -I"C:/Users/asinha/Documents/workspace/serial_echo/SDK/platform/osa/inc" -I"C:/Users/asinha/Documents/workspace/serial_echo/SDK/platform/CMSIS/Include" -I"C:/Users/asinha/Documents/workspace/serial_echo/SDK/platform/devices" -I"C:/Users/asinha/Documents/workspace/serial_echo/SDK/platform/devices/MK64F12/include" -I"C:/Users/asinha/Documents/workspace/serial_echo/SDK/platform/utilities/src" -I"C:/Users/asinha/Documents/workspace/serial_echo/SDK/platform/utilities/inc" -I"C:/Users/asinha/Documents/workspace/serial_echo/SDK/platform/devices/MK64F12/startup" -I"C:/Users/asinha/Documents/workspace/serial_echo/Generated_Code/SDK/platform/devices/MK64F12/startup" -I"C:/Users/asinha/Documents/workspace/serial_echo/Sources" -I"C:/Users/asinha/Documents/workspace/serial_echo/Generated_Code" -I"C:/Users/asinha/Documents/workspace/serial_echo/SDK/platform/drivers/inc" -I"C:/Users/asinha/Documents/workspace/serial_echo/SDK/rtos/mqx/mqx/source/psp/cortex_m" -I"C:/Users/asinha/Documents/workspace/serial_echo/SDK/rtos/mqx/mqx/source/psp/cortex_m/cpu" -I"C:/Users/asinha/Documents/workspace/serial_echo/SDK/rtos/mqx/config/common" -I"C:/Users/asinha/Documents/workspace/serial_echo/SDK/rtos/mqx/mqx/source/include" -I"C:/Users/asinha/Documents/workspace/serial_echo/SDK/rtos/mqx/mqx/source/bsp" -I"C:/Users/asinha/Documents/workspace/serial_echo/SDK/rtos/mqx/mqx/source/psp/cortex_m/compiler/gcc_arm" -I"C:/Users/asinha/Documents/workspace/serial_echo/SDK/rtos/mqx/mqx/source/nio" -I"C:/Users/asinha/Documents/workspace/serial_echo/SDK/rtos/mqx/mqx/source/nio/src" -I"C:/Users/asinha/Documents/workspace/serial_echo/SDK/rtos/mqx/mqx/source/nio/fs" -I"C:/Users/asinha/Documents/workspace/serial_echo/SDK/rtos/mqx/mqx/source/nio/drivers/nio_dummy" -I"C:/Users/asinha/Documents/workspace/serial_echo/SDK/rtos/mqx/mqx/source/nio/drivers/nio_serial" -I"C:/Users/asinha/Documents/workspace/serial_echo/SDK/rtos/mqx/mqx/source/nio/drivers/nio_tty" -I"C:/Users/asinha/Documents/workspace/serial_echo/SDK/rtos/mqx/mqx_stdlib/source/include" -I"C:/Users/asinha/Documents/workspace/serial_echo/SDK/rtos/mqx/mqx_stdlib/source/stdio" -I"C:/Users/asinha/Documents/workspace/serial_echo/SDK/platform/hal/src/uart" -I"C:/Users/asinha/Documents/workspace/serial_echo/SDK/platform/drivers/src/uart" -I"C:/Users/asinha/Documents/workspace/serial_echo/Generated_Code/SDK/rtos/mqx/config/board" -I"C:/Users/asinha/Documents/workspace/serial_echo/Generated_Code/SDK/rtos/mqx/config/mcu" -std=c99 -MMD -MP -MF"Sources/os_tasks.d" -MT"Sources/os_tasks.o" -c -o "Sources/os_tasks.o" "../Sources/os_tasks.c"
../Sources/os_tasks.c: In function 'serial_task':
../Sources/os_tasks.c:57:2: warning: implicit declaration of function 'sprintf' [-Wimplicit-function-declaration]
  sprintf(output_message, "\n\rType Test: ");
  ^
../Sources/os_tasks.c:57:2: warning: incompatible implicit declaration of built-in function 'sprintf' [enabled by default]
../Sources/os_tasks.c:65:3: warning: implicit declaration of function 'printf' [-Wimplicit-function-declaration]
   printf("\nCould not open the server message queue\n");
   ^
../Sources/os_tasks.c:65:3: warning: incompatible implicit declaration of built-in function 'printf' [enabled by default]
../Sources/os_tasks.c:72:3: warning: incompatible implicit declaration of built-in function 'printf' [enabled by default]
   printf("\nCount not create a message pool\n");
   ^
Finished building: ../Sources/os_tasks.c
 
Building target: serial_echo.elf
Invoking: Cross ARM C++ Linker
arm-none-eabi-g++ -mcpu=cortex-m4 -mthumb -mfloat-abi=hard -mfpu=fpv4-sp-d16 -O0 -fmessage-length=0 -fsigned-char -ffunction-sections -fdata-sections -Wall  -g3 -T "C:/Users/asinha/Documents/workspace/serial_echo/Project_Settings/Linker_Files/ProcessorExpert.ld" -Xlinker --gc-sections -L"C:/Users/asinha/Documents/workspace/serial_echo/Project_Settings/Linker_Files" -Wl,-Map,"serial_echo.map" -lgcc -lc -lsupc++ -lm -specs=nosys.specs -nostartfiles -Xlinker -z -Xlinker muldefs -Xlinker -static -o "serial_echo.elf"  ./Static_Code/System/PE_low_level_init.o  ./Sources/Events.o ./Sources/main.o ./Sources/os_tasks.o ./Sources/rtos_main_task.o  ./SDK/rtos/mqx/mqx_stdlib/source/strings/strings.o  ./SDK/rtos/mqx/mqx_stdlib/source/stdio/buf_prv.o ./SDK/rtos/mqx/mqx_stdlib/source/stdio/err.o ./SDK/rtos/mqx/mqx_stdlib/source/stdio/fclose.o ./SDK/rtos/mqx/mqx_stdlib/source/stdio/fflush.o ./SDK/rtos/mqx/mqx_stdlib/source/stdio/fopen.o ./SDK/rtos/mqx/mqx_stdlib/source/stdio/fp_prv.o ./SDK/rtos/mqx/mqx_stdlib/source/stdio/fread.o ./SDK/rtos/mqx/mqx_stdlib/source/stdio/fwrite.o ./SDK/rtos/mqx/mqx_stdlib/source/stdio/get.o ./SDK/rtos/mqx/mqx_stdlib/source/stdio/pos.o ./SDK/rtos/mqx/mqx_stdlib/source/stdio/print.o ./SDK/rtos/mqx/mqx_stdlib/source/stdio/print_prv.o ./SDK/rtos/mqx/mqx_stdlib/source/stdio/put.o ./SDK/rtos/mqx/mqx_stdlib/source/stdio/scan.o ./SDK/rtos/mqx/mqx_stdlib/source/stdio/scan_prv.o ./SDK/rtos/mqx/mqx_stdlib/source/stdio/stdio.o  ./SDK/rtos/mqx/mqx/source/string/str_utos.o ./SDK/rtos/mqx/mqx/source/string/strnlen.o  ./SDK/rtos/mqx/mqx/source/psp/cortex_m/core/M4/boot.o ./SDK/rtos/mqx/mqx/source/psp/cortex_m/core/M4/dispatch.o ./SDK/rtos/mqx/mqx/source/psp/cortex_m/core/M4/support.o  ./SDK/rtos/mqx/mqx/source/psp/cortex_m/compiler/gcc_arm/comp.o  ./SDK/rtos/mqx/mqx/source/psp/cortex_m/cortex.o ./SDK/rtos/mqx/mqx/source/psp/cortex_m/int_gkis.o ./SDK/rtos/mqx/mqx/source/psp/cortex_m/int_kisr.o ./SDK/rtos/mqx/mqx/source/psp/cortex_m/int_pvta.o ./SDK/rtos/mqx/mqx/source/psp/cortex_m/int_unx.o ./SDK/rtos/mqx/mqx/source/psp/cortex_m/int_vtab.o ./SDK/rtos/mqx/mqx/source/psp/cortex_m/int_xcpt.o ./SDK/rtos/mqx/mqx/source/psp/cortex_m/ipsum.o ./SDK/rtos/mqx/mqx/source/psp/cortex_m/mem_copy.o ./SDK/rtos/mqx/mqx/source/psp/cortex_m/mem_zero.o ./SDK/rtos/mqx/mqx/source/psp/cortex_m/nvic.o ./SDK/rtos/mqx/mqx/source/psp/cortex_m/psp_dati.o ./SDK/rtos/mqx/mqx/source/psp/cortex_m/psp_gelms.o ./SDK/rtos/mqx/mqx/source/psp/cortex_m/psp_hoti.o ./SDK/rtos/mqx/mqx/source/psp/cortex_m/psp_iinit.o ./SDK/rtos/mqx/mqx/source/psp/cortex_m/psp_mat1.o ./SDK/rtos/mqx/mqx/source/psp/cortex_m/psp_mat2.o ./SDK/rtos/mqx/mqx/source/psp/cortex_m/psp_mat3.o ./SDK/rtos/mqx/mqx/source/psp/cortex_m/psp_miti.o ./SDK/rtos/mqx/mqx/source/psp/cortex_m/psp_msti.o ./SDK/rtos/mqx/mqx/source/psp/cortex_m/psp_mstiq.o ./SDK/rtos/mqx/mqx/source/psp/cortex_m/psp_nsti.o ./SDK/rtos/mqx/mqx/source/psp/cortex_m/psp_psti.o ./SDK/rtos/mqx/mqx/source/psp/cortex_m/psp_seti.o ./SDK/rtos/mqx/mqx/source/psp/cortex_m/psp_supp.o ./SDK/rtos/mqx/mqx/source/psp/cortex_m/psp_tiad.o ./SDK/rtos/mqx/mqx/source/psp/cortex_m/psp_tida.o ./SDK/rtos/mqx/mqx/source/psp/cortex_m/psp_tihr.o ./SDK/rtos/mqx/mqx/source/psp/cortex_m/psp_timn.o ./SDK/rtos/mqx/mqx/source/psp/cortex_m/psp_tims.o ./SDK/rtos/mqx/mqx/source/psp/cortex_m/psp_tinm.o ./SDK/rtos/mqx/mqx/source/psp/cortex_m/psp_tins.o ./SDK/rtos/mqx/mqx/source/psp/cortex_m/psp_tiol.o ./SDK/rtos/mqx/mqx/source/psp/cortex_m/psp_tipr.o ./SDK/rtos/mqx/mqx/source/psp/cortex_m/psp_tips.o ./SDK/rtos/mqx/mqx/source/psp/cortex_m/psp_tise.o ./SDK/rtos/mqx/mqx/source/psp/cortex_m/psp_tisu.o ./SDK/rtos/mqx/mqx/source/psp/cortex_m/psp_tius.o ./SDK/rtos/mqx/mqx/source/psp/cortex_m/psp_tkti.o ./SDK/rtos/mqx/mqx/source/psp/cortex_m/psp_usti.o ./SDK/rtos/mqx/mqx/source/psp/cortex_m/sc_irdyq.o ./SDK/rtos/mqx/mqx/source/psp/cortex_m/stack_bu.o ./SDK/rtos/mqx/mqx/source/psp/cortex_m/stack_de.o ./SDK/rtos/mqx/mqx/source/psp/cortex_m/stack_st.o  ./SDK/rtos/mqx/mqx/source/nio/src/errno.o ./SDK/rtos/mqx/mqx/source/nio/src/nio.o ./SDK/rtos/mqx/mqx/source/nio/src/nio_posix.o ./SDK/rtos/mqx/mqx/source/nio/src/nio_std_adpt.o  ./SDK/rtos/mqx/mqx/source/nio/fs/fs_supp.o  ./SDK/rtos/mqx/mqx/source/nio/drivers/nio_tty/src/nio_tty.o  ./SDK/rtos/mqx/mqx/source/nio/drivers/nio_serial/src/nio_serial.o  ./SDK/rtos/mqx/mqx/source/nio/drivers/nio_dummy/src/nio_dummy.o  ./SDK/rtos/mqx/mqx/source/kernel/event.o ./SDK/rtos/mqx/mqx/source/kernel/idletask.o ./SDK/rtos/mqx/mqx/source/kernel/inittask.o ./SDK/rtos/mqx/mqx/source/kernel/int.o ./SDK/rtos/mqx/mqx/source/kernel/klog.o ./SDK/rtos/mqx/mqx/source/kernel/log.o ./SDK/rtos/mqx/mqx/source/kernel/lwevent.o ./SDK/rtos/mqx/mqx/source/kernel/lwlog.o ./SDK/rtos/mqx/mqx/source/kernel/lwmem.o ./SDK/rtos/mqx/mqx/source/kernel/lwmsgq.o ./SDK/rtos/mqx/mqx/source/kernel/lwsem.o ./SDK/rtos/mqx/mqx/source/kernel/lwtimer.o ./SDK/rtos/mqx/mqx/source/kernel/mem.o ./SDK/rtos/mqx/mqx/source/kernel/mqx.o ./SDK/rtos/mqx/mqx/source/kernel/msg.o ./SDK/rtos/mqx/mqx/source/kernel/msgpool.o ./SDK/rtos/mqx/mqx/source/kernel/msgq.o ./SDK/rtos/mqx/mqx/source/kernel/mutex.o ./SDK/rtos/mqx/mqx/source/kernel/name.o ./SDK/rtos/mqx/mqx/source/kernel/partition.o ./SDK/rtos/mqx/mqx/source/kernel/queue.o ./SDK/rtos/mqx/mqx/source/kernel/sched.o ./SDK/rtos/mqx/mqx/source/kernel/sem.o ./SDK/rtos/mqx/mqx/source/kernel/task.o ./SDK/rtos/mqx/mqx/source/kernel/taskq.o ./SDK/rtos/mqx/mqx/source/kernel/time.o ./SDK/rtos/mqx/mqx/source/kernel/timer.o ./SDK/rtos/mqx/mqx/source/kernel/tlsf.o ./SDK/rtos/mqx/mqx/source/kernel/tlsf_adaptation.o ./SDK/rtos/mqx/mqx/source/kernel/watchdog.o  ./SDK/rtos/mqx/mqx/source/bsp/init_bsp.o  ./SDK/platform/utilities/src/fsl_debug_console.o ./SDK/platform/utilities/src/fsl_misc_utilities.o ./SDK/platform/utilities/src/print_scan.o  ./SDK/platform/system/src/interrupt/fsl_interrupt_manager.o  ./SDK/platform/system/src/hwtimer/fsl_hwtimer.o ./SDK/platform/system/src/hwtimer/fsl_hwtimer_systick.o  ./SDK/platform/system/src/clock/MK64F12/fsl_clock_MK64F12.o  ./SDK/platform/system/src/clock/fsl_clock_manager.o ./SDK/platform/system/src/clock/fsl_clock_manager_common.o  ./SDK/platform/osa/src/fsl_os_abstraction_mqx.o  ./SDK/platform/hal/src/uart/fsl_uart_hal.o  ./SDK/platform/hal/src/sim/MK64F12/fsl_sim_hal_MK64F12.o  ./SDK/platform/hal/src/rtc/fsl_rtc_hal.o  ./SDK/platform/hal/src/port/fsl_port_hal.o  ./SDK/platform/hal/src/osc/fsl_osc_hal.o  ./SDK/platform/hal/src/mpu/fsl_mpu_hal.o  ./SDK/platform/hal/src/mcg/fsl_mcg_hal.o ./SDK/platform/hal/src/mcg/fsl_mcg_hal_modes.o  ./SDK/platform/drivers/src/uart/fsl_uart_common.o ./SDK/platform/drivers/src/uart/fsl_uart_driver.o  ./SDK/platform/drivers/src/rtc/fsl_rtc_common.o  ./SDK/platform/drivers/src/mpu/fsl_mpu_common.o ./SDK/platform/drivers/src/mpu/fsl_mpu_driver.o  ./SDK/platform/devices/MK64F12/startup/gcc/startup_MK64F12.o  ./SDK/platform/devices/MK64F12/startup/system_MK64F12.o  ./SDK/platform/devices/startup.o  ./Generated_Code/Cpu.o ./Generated_Code/MainTask.o ./Generated_Code/SerialTask.o ./Generated_Code/clockMan1.o ./Generated_Code/fsl_hwtimer1.o ./Generated_Code/fsl_mpu1.o ./Generated_Code/hardware_init.o ./Generated_Code/mqx_ksdk.o ./Generated_Code/myUART.o ./Generated_Code/osa1.o ./Generated_Code/pin_init.o ./Generated_Code/uart1.o   
Finished building target: serial_echo.elf
 
Invoking: Cross ARM GNU Print Size
arm-none-eabi-size --format=berkeley "serial_echo.elf"
   text	   data	    bss	    dec	    hex	filename
  55244	   2296	   3620	  61160	   eee8	serial_echo.elf
Finished building: serial_echo.siz
 
22:58:16 **** Incremental Build of configuration Debug for project serial_echo ****
make all 
Invoking: Cross ARM GNU Print Size
arm-none-eabi-size --format=berkeley "serial_echo.elf"
   text	   data	    bss	    dec	    hex	filename
  55244	   2296	   3620	  61160	   eee8	serial_echo.elf
Finished building: serial_echo.siz
 
